// Vitest Snapshot v1, https://vitest.dev/guide/snapshot.html

exports[`getMatchingIndices > should return the correct matching indices 1`] = `
[
  [
    3,
    3,
  ],
]
`;

exports[`levenshteinFullMatrixSearch > should return a matrix of the correct dimensions 1`] = `
[
  [
    0,
    1,
    2,
    3,
    4,
    5,
  ],
  [
    1,
    1,
    2,
    3,
    4,
    5,
  ],
  [
    2,
    2,
    2,
    3,
    4,
    5,
  ],
  [
    3,
    3,
    3,
    3,
    3,
    4,
  ],
  [
    4,
    4,
    4,
    4,
    3,
    4,
  ],
  [
    5,
    5,
    4,
    5,
    4,
    4,
  ],
]
`;

exports[`levenshteinFullMatrixSearch > should return a matrix with the correct values 1`] = `
[
  [
    0,
    1,
    2,
    3,
    4,
    5,
  ],
  [
    1,
    1,
    2,
    3,
    4,
    5,
  ],
  [
    2,
    2,
    2,
    3,
    4,
    5,
  ],
  [
    3,
    3,
    3,
    3,
    3,
    4,
  ],
  [
    4,
    4,
    4,
    4,
    3,
    4,
  ],
  [
    5,
    5,
    4,
    5,
    4,
    4,
  ],
]
`;
